Archive member included to satisfy reference by file (symbol)

/home/acer/Desktop/CDAC/AVR/softwares/avr-gcc-8.2.0-x64-linux/bin/../lib/gcc/avr/8.2.0/avr5/libgcc.a(_udivmodsi4.o)
                              uart.o (__udivmodsi4)
/home/acer/Desktop/CDAC/AVR/softwares/avr-gcc-8.2.0-x64-linux/bin/../lib/gcc/avr/8.2.0/avr5/libgcc.a(_exit.o)
                              /home/acer/Desktop/CDAC/AVR/softwares/avr-gcc-8.2.0-x64-linux/bin/../lib/gcc/avr/8.2.0/../../../../avr/lib/avr5/crtatmega32.o (exit)
/home/acer/Desktop/CDAC/AVR/softwares/avr-gcc-8.2.0-x64-linux/bin/../lib/gcc/avr/8.2.0/avr5/libgcc.a(_copy_data.o)
                              main.o (__do_copy_data)
/home/acer/Desktop/CDAC/AVR/softwares/avr-gcc-8.2.0-x64-linux/bin/../lib/gcc/avr/8.2.0/avr5/libgcc.a(_clear_bss.o)
                              main.o (__do_clear_bss)
/home/acer/Desktop/CDAC/AVR/softwares/avr-gcc-8.2.0-x64-linux/bin/../lib/gcc/avr/8.2.0/../../../../avr/lib/avr5/libc.a(sprintf.o)
                              main.o (sprintf)
/home/acer/Desktop/CDAC/AVR/softwares/avr-gcc-8.2.0-x64-linux/bin/../lib/gcc/avr/8.2.0/../../../../avr/lib/avr5/libc.a(vfprintf_std.o)
                              /home/acer/Desktop/CDAC/AVR/softwares/avr-gcc-8.2.0-x64-linux/bin/../lib/gcc/avr/8.2.0/../../../../avr/lib/avr5/libc.a(sprintf.o) (vfprintf)
/home/acer/Desktop/CDAC/AVR/softwares/avr-gcc-8.2.0-x64-linux/bin/../lib/gcc/avr/8.2.0/../../../../avr/lib/avr5/libc.a(strnlen_P.o)
                              /home/acer/Desktop/CDAC/AVR/softwares/avr-gcc-8.2.0-x64-linux/bin/../lib/gcc/avr/8.2.0/../../../../avr/lib/avr5/libc.a(vfprintf_std.o) (strnlen_P)
/home/acer/Desktop/CDAC/AVR/softwares/avr-gcc-8.2.0-x64-linux/bin/../lib/gcc/avr/8.2.0/../../../../avr/lib/avr5/libc.a(strnlen.o)
                              /home/acer/Desktop/CDAC/AVR/softwares/avr-gcc-8.2.0-x64-linux/bin/../lib/gcc/avr/8.2.0/../../../../avr/lib/avr5/libc.a(vfprintf_std.o) (strnlen)
/home/acer/Desktop/CDAC/AVR/softwares/avr-gcc-8.2.0-x64-linux/bin/../lib/gcc/avr/8.2.0/../../../../avr/lib/avr5/libc.a(fputc.o)
                              /home/acer/Desktop/CDAC/AVR/softwares/avr-gcc-8.2.0-x64-linux/bin/../lib/gcc/avr/8.2.0/../../../../avr/lib/avr5/libc.a(vfprintf_std.o) (fputc)
/home/acer/Desktop/CDAC/AVR/softwares/avr-gcc-8.2.0-x64-linux/bin/../lib/gcc/avr/8.2.0/../../../../avr/lib/avr5/libc.a(ultoa_invert.o)
                              /home/acer/Desktop/CDAC/AVR/softwares/avr-gcc-8.2.0-x64-linux/bin/../lib/gcc/avr/8.2.0/../../../../avr/lib/avr5/libc.a(vfprintf_std.o) (__ultoa_invert)
/home/acer/Desktop/CDAC/AVR/softwares/avr-gcc-8.2.0-x64-linux/bin/../lib/gcc/avr/8.2.0/avr5/libgcc.a(_prologue.o)
                              /home/acer/Desktop/CDAC/AVR/softwares/avr-gcc-8.2.0-x64-linux/bin/../lib/gcc/avr/8.2.0/../../../../avr/lib/avr5/libc.a(sprintf.o) (__prologue_saves__)
/home/acer/Desktop/CDAC/AVR/softwares/avr-gcc-8.2.0-x64-linux/bin/../lib/gcc/avr/8.2.0/avr5/libgcc.a(_epilogue.o)
                              /home/acer/Desktop/CDAC/AVR/softwares/avr-gcc-8.2.0-x64-linux/bin/../lib/gcc/avr/8.2.0/../../../../avr/lib/avr5/libc.a(sprintf.o) (__epilogue_restores__)

Allocating common symbols
Common symbol       size              file

str                 0x14              main.o
str2                0x20              main.o

Memory Configuration

Name             Origin             Length             Attributes
text             0x0000000000000000 0x0000000000020000 xr
data             0x0000000000800060 0x000000000000ffa0 rw !x
eeprom           0x0000000000810000 0x0000000000010000 rw !x
fuse             0x0000000000820000 0x0000000000000400 rw !x
lock             0x0000000000830000 0x0000000000000400 rw !x
signature        0x0000000000840000 0x0000000000000400 rw !x
user_signatures  0x0000000000850000 0x0000000000000400 rw !x
*default*        0x0000000000000000 0xffffffffffffffff

Linker script and memory map

LOAD /home/acer/Desktop/CDAC/AVR/softwares/avr-gcc-8.2.0-x64-linux/bin/../lib/gcc/avr/8.2.0/../../../../avr/lib/avr5/crtatmega32.o
LOAD main.o
LOAD uart.o
LOAD lcd.o
LOAD adc_intr.o
LOAD /home/acer/Desktop/CDAC/AVR/softwares/avr-gcc-8.2.0-x64-linux/bin/../lib/gcc/avr/8.2.0/../../../../avr/lib/avr5/libm.a
START GROUP
LOAD /home/acer/Desktop/CDAC/AVR/softwares/avr-gcc-8.2.0-x64-linux/bin/../lib/gcc/avr/8.2.0/avr5/libgcc.a
LOAD /home/acer/Desktop/CDAC/AVR/softwares/avr-gcc-8.2.0-x64-linux/bin/../lib/gcc/avr/8.2.0/../../../../avr/lib/avr5/libm.a
LOAD /home/acer/Desktop/CDAC/AVR/softwares/avr-gcc-8.2.0-x64-linux/bin/../lib/gcc/avr/8.2.0/../../../../avr/lib/avr5/libc.a
LOAD /home/acer/Desktop/CDAC/AVR/softwares/avr-gcc-8.2.0-x64-linux/bin/../lib/gcc/avr/8.2.0/../../../../avr/lib/avr5/libatmega32.a
END GROUP
                0x0000000000020000                __TEXT_REGION_LENGTH__ = DEFINED (__TEXT_REGION_LENGTH__)?__TEXT_REGION_LENGTH__:0x20000
                0x000000000000ffa0                __DATA_REGION_LENGTH__ = DEFINED (__DATA_REGION_LENGTH__)?__DATA_REGION_LENGTH__:0xffa0
                0x0000000000010000                __EEPROM_REGION_LENGTH__ = DEFINED (__EEPROM_REGION_LENGTH__)?__EEPROM_REGION_LENGTH__:0x10000
                0x0000000000000400                __FUSE_REGION_LENGTH__ = DEFINED (__FUSE_REGION_LENGTH__)?__FUSE_REGION_LENGTH__:0x400
                0x0000000000000400                __LOCK_REGION_LENGTH__ = DEFINED (__LOCK_REGION_LENGTH__)?__LOCK_REGION_LENGTH__:0x400
                0x0000000000000400                __SIGNATURE_REGION_LENGTH__ = DEFINED (__SIGNATURE_REGION_LENGTH__)?__SIGNATURE_REGION_LENGTH__:0x400
                0x0000000000000400                __USER_SIGNATURE_REGION_LENGTH__ = DEFINED (__USER_SIGNATURE_REGION_LENGTH__)?__USER_SIGNATURE_REGION_LENGTH__:0x400

.hash
 *(.hash)

.dynsym
 *(.dynsym)

.dynstr
 *(.dynstr)

.gnu.version
 *(.gnu.version)

.gnu.version_d
 *(.gnu.version_d)

.gnu.version_r
 *(.gnu.version_r)

.rel.init
 *(.rel.init)

.rela.init
 *(.rela.init)

.rel.text
 *(.rel.text)
 *(.rel.text.*)
 *(.rel.gnu.linkonce.t*)

.rela.text
 *(.rela.text)
 *(.rela.text.*)
 *(.rela.gnu.linkonce.t*)

.rel.fini
 *(.rel.fini)

.rela.fini
 *(.rela.fini)

.rel.rodata
 *(.rel.rodata)
 *(.rel.rodata.*)
 *(.rel.gnu.linkonce.r*)

.rela.rodata
 *(.rela.rodata)
 *(.rela.rodata.*)
 *(.rela.gnu.linkonce.r*)

.rel.data
 *(.rel.data)
 *(.rel.data.*)
 *(.rel.gnu.linkonce.d*)

.rela.data
 *(.rela.data)
 *(.rela.data.*)
 *(.rela.gnu.linkonce.d*)

.rel.ctors
 *(.rel.ctors)

.rela.ctors
 *(.rela.ctors)

.rel.dtors
 *(.rel.dtors)

.rela.dtors
 *(.rela.dtors)

.rel.got
 *(.rel.got)

.rela.got
 *(.rela.got)

.rel.bss
 *(.rel.bss)

.rela.bss
 *(.rela.bss)

.rel.plt
 *(.rel.plt)

.rela.plt
 *(.rela.plt)

.text           0x0000000000000000      0xcfc
 *(.vectors)
 .vectors       0x0000000000000000       0x54 /home/acer/Desktop/CDAC/AVR/softwares/avr-gcc-8.2.0-x64-linux/bin/../lib/gcc/avr/8.2.0/../../../../avr/lib/avr5/crtatmega32.o
                0x0000000000000000                __vectors
                0x0000000000000000                __vector_default
 *(.vectors)
 *(.progmem.gcc*)
                0x0000000000000054                . = ALIGN (0x2)
                0x0000000000000054                __trampolines_start = .
 *(.trampolines)
 .trampolines   0x0000000000000054        0x0 linker stubs
 *(.trampolines*)
                0x0000000000000054                __trampolines_end = .
 *libprintf_flt.a:*(.progmem.data)
 *libc.a:*(.progmem.data)
 *(.progmem.*)
                0x0000000000000054                . = ALIGN (0x2)
 *(.lowtext)
 *(.lowtext*)
                0x0000000000000054                __ctors_start = .
 *(.ctors)
                0x0000000000000054                __ctors_end = .
                0x0000000000000054                __dtors_start = .
 *(.dtors)
                0x0000000000000054                __dtors_end = .
 SORT_BY_NAME(*)(.ctors)
 SORT_BY_NAME(*)(.dtors)
 *(.init0)
 .init0         0x0000000000000054        0x0 /home/acer/Desktop/CDAC/AVR/softwares/avr-gcc-8.2.0-x64-linux/bin/../lib/gcc/avr/8.2.0/../../../../avr/lib/avr5/crtatmega32.o
                0x0000000000000054                __init
 *(.init0)
 *(.init1)
 *(.init1)
 *(.init2)
 .init2         0x0000000000000054        0xc /home/acer/Desktop/CDAC/AVR/softwares/avr-gcc-8.2.0-x64-linux/bin/../lib/gcc/avr/8.2.0/../../../../avr/lib/avr5/crtatmega32.o
 *(.init2)
 *(.init3)
 *(.init3)
 *(.init4)
 .init4         0x0000000000000060       0x16 /home/acer/Desktop/CDAC/AVR/softwares/avr-gcc-8.2.0-x64-linux/bin/../lib/gcc/avr/8.2.0/avr5/libgcc.a(_copy_data.o)
                0x0000000000000060                __do_copy_data
 .init4         0x0000000000000076       0x10 /home/acer/Desktop/CDAC/AVR/softwares/avr-gcc-8.2.0-x64-linux/bin/../lib/gcc/avr/8.2.0/avr5/libgcc.a(_clear_bss.o)
                0x0000000000000076                __do_clear_bss
 *(.init4)
 *(.init5)
 *(.init5)
 *(.init6)
 *(.init6)
 *(.init7)
 *(.init7)
 *(.init8)
 *(.init8)
 *(.init9)
 .init9         0x0000000000000086        0x8 /home/acer/Desktop/CDAC/AVR/softwares/avr-gcc-8.2.0-x64-linux/bin/../lib/gcc/avr/8.2.0/../../../../avr/lib/avr5/crtatmega32.o
 *(.init9)
 *(.text)
 .text          0x000000000000008e        0x4 /home/acer/Desktop/CDAC/AVR/softwares/avr-gcc-8.2.0-x64-linux/bin/../lib/gcc/avr/8.2.0/../../../../avr/lib/avr5/crtatmega32.o
                0x000000000000008e                __vector_1
                0x000000000000008e                __vector_12
                0x000000000000008e                __bad_interrupt
                0x000000000000008e                __vector_6
                0x000000000000008e                __vector_3
                0x000000000000008e                __vector_11
                0x000000000000008e                __vector_13
                0x000000000000008e                __vector_17
                0x000000000000008e                __vector_19
                0x000000000000008e                __vector_7
                0x000000000000008e                __vector_5
                0x000000000000008e                __vector_4
                0x000000000000008e                __vector_9
                0x000000000000008e                __vector_2
                0x000000000000008e                __vector_15
                0x000000000000008e                __vector_8
                0x000000000000008e                __vector_14
                0x000000000000008e                __vector_10
                0x000000000000008e                __vector_18
                0x000000000000008e                __vector_20
 .text          0x0000000000000092      0x3c2 main.o
                0x0000000000000092                func
                0x0000000000000142                print
                0x000000000000031a                esp
                0x00000000000003da                adc
 .text          0x0000000000000454       0x98 uart.o
                0x0000000000000454                uart_init
                0x0000000000000476                uart_putch
                0x000000000000047e                uart_getch
                0x0000000000000486                uart_puts
                0x00000000000004ac                uart_gets
 .text          0x00000000000004ec       0xf6 lcd.o
                0x00000000000004ec                lcd_write_nibble
                0x0000000000000510                lcd_write
                0x000000000000053e                lcd_init
                0x0000000000000582                lcd_gotoxy
                0x00000000000005a6                lcd_putchar
                0x00000000000005b0                lcd_putstring
 .text          0x00000000000005e2       0x5c adc_intr.o
                0x00000000000005e2                adc_init
                0x00000000000005f0                adc_select
                0x0000000000000616                adc_read
                0x000000000000061c                __vector_16
 .text          0x000000000000063e        0x0 /home/acer/Desktop/CDAC/AVR/softwares/avr-gcc-8.2.0-x64-linux/bin/../lib/gcc/avr/8.2.0/avr5/libgcc.a(_udivmodsi4.o)
 .text          0x000000000000063e        0x0 /home/acer/Desktop/CDAC/AVR/softwares/avr-gcc-8.2.0-x64-linux/bin/../lib/gcc/avr/8.2.0/avr5/libgcc.a(_exit.o)
 .text          0x000000000000063e        0x0 /home/acer/Desktop/CDAC/AVR/softwares/avr-gcc-8.2.0-x64-linux/bin/../lib/gcc/avr/8.2.0/avr5/libgcc.a(_copy_data.o)
 .text          0x000000000000063e        0x0 /home/acer/Desktop/CDAC/AVR/softwares/avr-gcc-8.2.0-x64-linux/bin/../lib/gcc/avr/8.2.0/avr5/libgcc.a(_clear_bss.o)
 .text          0x000000000000063e        0x0 /home/acer/Desktop/CDAC/AVR/softwares/avr-gcc-8.2.0-x64-linux/bin/../lib/gcc/avr/8.2.0/../../../../avr/lib/avr5/libc.a(sprintf.o)
 .text          0x000000000000063e        0x0 /home/acer/Desktop/CDAC/AVR/softwares/avr-gcc-8.2.0-x64-linux/bin/../lib/gcc/avr/8.2.0/../../../../avr/lib/avr5/libc.a(vfprintf_std.o)
 .text          0x000000000000063e        0x0 /home/acer/Desktop/CDAC/AVR/softwares/avr-gcc-8.2.0-x64-linux/bin/../lib/gcc/avr/8.2.0/../../../../avr/lib/avr5/libc.a(strnlen_P.o)
 .text          0x000000000000063e        0x0 /home/acer/Desktop/CDAC/AVR/softwares/avr-gcc-8.2.0-x64-linux/bin/../lib/gcc/avr/8.2.0/../../../../avr/lib/avr5/libc.a(strnlen.o)
 .text          0x000000000000063e        0x0 /home/acer/Desktop/CDAC/AVR/softwares/avr-gcc-8.2.0-x64-linux/bin/../lib/gcc/avr/8.2.0/../../../../avr/lib/avr5/libc.a(fputc.o)
 .text          0x000000000000063e        0x0 /home/acer/Desktop/CDAC/AVR/softwares/avr-gcc-8.2.0-x64-linux/bin/../lib/gcc/avr/8.2.0/../../../../avr/lib/avr5/libc.a(ultoa_invert.o)
 .text          0x000000000000063e        0x0 /home/acer/Desktop/CDAC/AVR/softwares/avr-gcc-8.2.0-x64-linux/bin/../lib/gcc/avr/8.2.0/avr5/libgcc.a(_prologue.o)
 .text          0x000000000000063e        0x0 /home/acer/Desktop/CDAC/AVR/softwares/avr-gcc-8.2.0-x64-linux/bin/../lib/gcc/avr/8.2.0/avr5/libgcc.a(_epilogue.o)
                0x000000000000063e                . = ALIGN (0x2)
 *(.text.*)
 .text.startup  0x000000000000063e       0xe4 main.o
                0x000000000000063e                main
 .text.libgcc.mul
                0x0000000000000722        0x0 /home/acer/Desktop/CDAC/AVR/softwares/avr-gcc-8.2.0-x64-linux/bin/../lib/gcc/avr/8.2.0/avr5/libgcc.a(_udivmodsi4.o)
 .text.libgcc.div
                0x0000000000000722       0x44 /home/acer/Desktop/CDAC/AVR/softwares/avr-gcc-8.2.0-x64-linux/bin/../lib/gcc/avr/8.2.0/avr5/libgcc.a(_udivmodsi4.o)
                0x0000000000000722                __udivmodsi4
 .text.libgcc   0x0000000000000766        0x0 /home/acer/Desktop/CDAC/AVR/softwares/avr-gcc-8.2.0-x64-linux/bin/../lib/gcc/avr/8.2.0/avr5/libgcc.a(_udivmodsi4.o)
 .text.libgcc.prologue
                0x0000000000000766        0x0 /home/acer/Desktop/CDAC/AVR/softwares/avr-gcc-8.2.0-x64-linux/bin/../lib/gcc/avr/8.2.0/avr5/libgcc.a(_udivmodsi4.o)
 .text.libgcc.builtins
                0x0000000000000766        0x0 /home/acer/Desktop/CDAC/AVR/softwares/avr-gcc-8.2.0-x64-linux/bin/../lib/gcc/avr/8.2.0/avr5/libgcc.a(_udivmodsi4.o)
 .text.libgcc.fmul
                0x0000000000000766        0x0 /home/acer/Desktop/CDAC/AVR/softwares/avr-gcc-8.2.0-x64-linux/bin/../lib/gcc/avr/8.2.0/avr5/libgcc.a(_udivmodsi4.o)
 .text.libgcc.fixed
                0x0000000000000766        0x0 /home/acer/Desktop/CDAC/AVR/softwares/avr-gcc-8.2.0-x64-linux/bin/../lib/gcc/avr/8.2.0/avr5/libgcc.a(_udivmodsi4.o)
 .text.libgcc.mul
                0x0000000000000766        0x0 /home/acer/Desktop/CDAC/AVR/softwares/avr-gcc-8.2.0-x64-linux/bin/../lib/gcc/avr/8.2.0/avr5/libgcc.a(_exit.o)
 .text.libgcc.div
                0x0000000000000766        0x0 /home/acer/Desktop/CDAC/AVR/softwares/avr-gcc-8.2.0-x64-linux/bin/../lib/gcc/avr/8.2.0/avr5/libgcc.a(_exit.o)
 .text.libgcc   0x0000000000000766        0x0 /home/acer/Desktop/CDAC/AVR/softwares/avr-gcc-8.2.0-x64-linux/bin/../lib/gcc/avr/8.2.0/avr5/libgcc.a(_exit.o)
 .text.libgcc.prologue
                0x0000000000000766        0x0 /home/acer/Desktop/CDAC/AVR/softwares/avr-gcc-8.2.0-x64-linux/bin/../lib/gcc/avr/8.2.0/avr5/libgcc.a(_exit.o)
 .text.libgcc.builtins
                0x0000000000000766        0x0 /home/acer/Desktop/CDAC/AVR/softwares/avr-gcc-8.2.0-x64-linux/bin/../lib/gcc/avr/8.2.0/avr5/libgcc.a(_exit.o)
 .text.libgcc.fmul
                0x0000000000000766        0x0 /home/acer/Desktop/CDAC/AVR/softwares/avr-gcc-8.2.0-x64-linux/bin/../lib/gcc/avr/8.2.0/avr5/libgcc.a(_exit.o)
 .text.libgcc.fixed
                0x0000000000000766        0x0 /home/acer/Desktop/CDAC/AVR/softwares/avr-gcc-8.2.0-x64-linux/bin/../lib/gcc/avr/8.2.0/avr5/libgcc.a(_exit.o)
 .text.libgcc.mul
                0x0000000000000766        0x0 /home/acer/Desktop/CDAC/AVR/softwares/avr-gcc-8.2.0-x64-linux/bin/../lib/gcc/avr/8.2.0/avr5/libgcc.a(_copy_data.o)
 .text.libgcc.div
                0x0000000000000766        0x0 /home/acer/Desktop/CDAC/AVR/softwares/avr-gcc-8.2.0-x64-linux/bin/../lib/gcc/avr/8.2.0/avr5/libgcc.a(_copy_data.o)
 .text.libgcc   0x0000000000000766        0x0 /home/acer/Desktop/CDAC/AVR/softwares/avr-gcc-8.2.0-x64-linux/bin/../lib/gcc/avr/8.2.0/avr5/libgcc.a(_copy_data.o)
 .text.libgcc.prologue
                0x0000000000000766        0x0 /home/acer/Desktop/CDAC/AVR/softwares/avr-gcc-8.2.0-x64-linux/bin/../lib/gcc/avr/8.2.0/avr5/libgcc.a(_copy_data.o)
 .text.libgcc.builtins
                0x0000000000000766        0x0 /home/acer/Desktop/CDAC/AVR/softwares/avr-gcc-8.2.0-x64-linux/bin/../lib/gcc/avr/8.2.0/avr5/libgcc.a(_copy_data.o)
 .text.libgcc.fmul
                0x0000000000000766        0x0 /home/acer/Desktop/CDAC/AVR/softwares/avr-gcc-8.2.0-x64-linux/bin/../lib/gcc/avr/8.2.0/avr5/libgcc.a(_copy_data.o)
 .text.libgcc.fixed
                0x0000000000000766        0x0 /home/acer/Desktop/CDAC/AVR/softwares/avr-gcc-8.2.0-x64-linux/bin/../lib/gcc/avr/8.2.0/avr5/libgcc.a(_copy_data.o)
 .text.libgcc.mul
                0x0000000000000766        0x0 /home/acer/Desktop/CDAC/AVR/softwares/avr-gcc-8.2.0-x64-linux/bin/../lib/gcc/avr/8.2.0/avr5/libgcc.a(_clear_bss.o)
 .text.libgcc.div
                0x0000000000000766        0x0 /home/acer/Desktop/CDAC/AVR/softwares/avr-gcc-8.2.0-x64-linux/bin/../lib/gcc/avr/8.2.0/avr5/libgcc.a(_clear_bss.o)
 .text.libgcc   0x0000000000000766        0x0 /home/acer/Desktop/CDAC/AVR/softwares/avr-gcc-8.2.0-x64-linux/bin/../lib/gcc/avr/8.2.0/avr5/libgcc.a(_clear_bss.o)
 .text.libgcc.prologue
                0x0000000000000766        0x0 /home/acer/Desktop/CDAC/AVR/softwares/avr-gcc-8.2.0-x64-linux/bin/../lib/gcc/avr/8.2.0/avr5/libgcc.a(_clear_bss.o)
 .text.libgcc.builtins
                0x0000000000000766        0x0 /home/acer/Desktop/CDAC/AVR/softwares/avr-gcc-8.2.0-x64-linux/bin/../lib/gcc/avr/8.2.0/avr5/libgcc.a(_clear_bss.o)
 .text.libgcc.fmul
                0x0000000000000766        0x0 /home/acer/Desktop/CDAC/AVR/softwares/avr-gcc-8.2.0-x64-linux/bin/../lib/gcc/avr/8.2.0/avr5/libgcc.a(_clear_bss.o)
 .text.libgcc.fixed
                0x0000000000000766        0x0 /home/acer/Desktop/CDAC/AVR/softwares/avr-gcc-8.2.0-x64-linux/bin/../lib/gcc/avr/8.2.0/avr5/libgcc.a(_clear_bss.o)
 .text.avr-libc
                0x0000000000000766       0x46 /home/acer/Desktop/CDAC/AVR/softwares/avr-gcc-8.2.0-x64-linux/bin/../lib/gcc/avr/8.2.0/../../../../avr/lib/avr5/libc.a(sprintf.o)
                0x0000000000000766                sprintf
 .text.avr-libc
                0x00000000000007ac      0x396 /home/acer/Desktop/CDAC/AVR/softwares/avr-gcc-8.2.0-x64-linux/bin/../lib/gcc/avr/8.2.0/../../../../avr/lib/avr5/libc.a(vfprintf_std.o)
                0x00000000000007ac                vfprintf
 .text.avr-libc
                0x0000000000000b42       0x16 /home/acer/Desktop/CDAC/AVR/softwares/avr-gcc-8.2.0-x64-linux/bin/../lib/gcc/avr/8.2.0/../../../../avr/lib/avr5/libc.a(strnlen_P.o)
                0x0000000000000b42                strnlen_P
 .text.avr-libc
                0x0000000000000b58       0x16 /home/acer/Desktop/CDAC/AVR/softwares/avr-gcc-8.2.0-x64-linux/bin/../lib/gcc/avr/8.2.0/../../../../avr/lib/avr5/libc.a(strnlen.o)
                0x0000000000000b58                strnlen
 .text.avr-libc
                0x0000000000000b6e       0x60 /home/acer/Desktop/CDAC/AVR/softwares/avr-gcc-8.2.0-x64-linux/bin/../lib/gcc/avr/8.2.0/../../../../avr/lib/avr5/libc.a(fputc.o)
                0x0000000000000b6e                fputc
 .text.avr-libc
                0x0000000000000bce       0xbc /home/acer/Desktop/CDAC/AVR/softwares/avr-gcc-8.2.0-x64-linux/bin/../lib/gcc/avr/8.2.0/../../../../avr/lib/avr5/libc.a(ultoa_invert.o)
                0x0000000000000bce                __ultoa_invert
 .text.libgcc.mul
                0x0000000000000c8a        0x0 /home/acer/Desktop/CDAC/AVR/softwares/avr-gcc-8.2.0-x64-linux/bin/../lib/gcc/avr/8.2.0/avr5/libgcc.a(_prologue.o)
 .text.libgcc.div
                0x0000000000000c8a        0x0 /home/acer/Desktop/CDAC/AVR/softwares/avr-gcc-8.2.0-x64-linux/bin/../lib/gcc/avr/8.2.0/avr5/libgcc.a(_prologue.o)
 .text.libgcc   0x0000000000000c8a        0x0 /home/acer/Desktop/CDAC/AVR/softwares/avr-gcc-8.2.0-x64-linux/bin/../lib/gcc/avr/8.2.0/avr5/libgcc.a(_prologue.o)
 .text.libgcc.prologue
                0x0000000000000c8a       0x38 /home/acer/Desktop/CDAC/AVR/softwares/avr-gcc-8.2.0-x64-linux/bin/../lib/gcc/avr/8.2.0/avr5/libgcc.a(_prologue.o)
                0x0000000000000c8a                __prologue_saves__
 .text.libgcc.builtins
                0x0000000000000cc2        0x0 /home/acer/Desktop/CDAC/AVR/softwares/avr-gcc-8.2.0-x64-linux/bin/../lib/gcc/avr/8.2.0/avr5/libgcc.a(_prologue.o)
 .text.libgcc.fmul
                0x0000000000000cc2        0x0 /home/acer/Desktop/CDAC/AVR/softwares/avr-gcc-8.2.0-x64-linux/bin/../lib/gcc/avr/8.2.0/avr5/libgcc.a(_prologue.o)
 .text.libgcc.fixed
                0x0000000000000cc2        0x0 /home/acer/Desktop/CDAC/AVR/softwares/avr-gcc-8.2.0-x64-linux/bin/../lib/gcc/avr/8.2.0/avr5/libgcc.a(_prologue.o)
 .text.libgcc.mul
                0x0000000000000cc2        0x0 /home/acer/Desktop/CDAC/AVR/softwares/avr-gcc-8.2.0-x64-linux/bin/../lib/gcc/avr/8.2.0/avr5/libgcc.a(_epilogue.o)
 .text.libgcc.div
                0x0000000000000cc2        0x0 /home/acer/Desktop/CDAC/AVR/softwares/avr-gcc-8.2.0-x64-linux/bin/../lib/gcc/avr/8.2.0/avr5/libgcc.a(_epilogue.o)
 .text.libgcc   0x0000000000000cc2        0x0 /home/acer/Desktop/CDAC/AVR/softwares/avr-gcc-8.2.0-x64-linux/bin/../lib/gcc/avr/8.2.0/avr5/libgcc.a(_epilogue.o)
 .text.libgcc.prologue
                0x0000000000000cc2       0x36 /home/acer/Desktop/CDAC/AVR/softwares/avr-gcc-8.2.0-x64-linux/bin/../lib/gcc/avr/8.2.0/avr5/libgcc.a(_epilogue.o)
                0x0000000000000cc2                __epilogue_restores__
 .text.libgcc.builtins
                0x0000000000000cf8        0x0 /home/acer/Desktop/CDAC/AVR/softwares/avr-gcc-8.2.0-x64-linux/bin/../lib/gcc/avr/8.2.0/avr5/libgcc.a(_epilogue.o)
 .text.libgcc.fmul
                0x0000000000000cf8        0x0 /home/acer/Desktop/CDAC/AVR/softwares/avr-gcc-8.2.0-x64-linux/bin/../lib/gcc/avr/8.2.0/avr5/libgcc.a(_epilogue.o)
 .text.libgcc.fixed
                0x0000000000000cf8        0x0 /home/acer/Desktop/CDAC/AVR/softwares/avr-gcc-8.2.0-x64-linux/bin/../lib/gcc/avr/8.2.0/avr5/libgcc.a(_epilogue.o)
                0x0000000000000cf8                . = ALIGN (0x2)
 *(.fini9)
 .fini9         0x0000000000000cf8        0x0 /home/acer/Desktop/CDAC/AVR/softwares/avr-gcc-8.2.0-x64-linux/bin/../lib/gcc/avr/8.2.0/avr5/libgcc.a(_exit.o)
                0x0000000000000cf8                exit
                0x0000000000000cf8                _exit
 *(.fini9)
 *(.fini8)
 *(.fini8)
 *(.fini7)
 *(.fini7)
 *(.fini6)
 *(.fini6)
 *(.fini5)
 *(.fini5)
 *(.fini4)
 *(.fini4)
 *(.fini3)
 *(.fini3)
 *(.fini2)
 *(.fini2)
 *(.fini1)
 *(.fini1)
 *(.fini0)
 .fini0         0x0000000000000cf8        0x4 /home/acer/Desktop/CDAC/AVR/softwares/avr-gcc-8.2.0-x64-linux/bin/../lib/gcc/avr/8.2.0/avr5/libgcc.a(_exit.o)
 *(.fini0)
 *(.hightext)
 *(.hightext*)
 *(.progmemx.*)
                0x0000000000000cfc                . = ALIGN (0x2)
 *(.jumptables)
 *(.jumptables*)
                0x0000000000000cfc                _etext = .

.data           0x0000000000800060       0xb8 load address 0x0000000000000cfc
                0x0000000000800060                PROVIDE (__data_start = .)
 *(.data)
 .data          0x0000000000800060        0x0 /home/acer/Desktop/CDAC/AVR/softwares/avr-gcc-8.2.0-x64-linux/bin/../lib/gcc/avr/8.2.0/../../../../avr/lib/avr5/crtatmega32.o
 .data          0x0000000000800060        0x6 main.o
                0x0000000000800060                ADC_2
                0x0000000000800062                ADC_1
                0x0000000000800064                ch1
 .data          0x0000000000800066        0x0 uart.o
 .data          0x0000000000800066        0x0 lcd.o
 .data          0x0000000000800066        0x0 adc_intr.o
 .data          0x0000000000800066        0x0 /home/acer/Desktop/CDAC/AVR/softwares/avr-gcc-8.2.0-x64-linux/bin/../lib/gcc/avr/8.2.0/avr5/libgcc.a(_udivmodsi4.o)
 .data          0x0000000000800066        0x0 /home/acer/Desktop/CDAC/AVR/softwares/avr-gcc-8.2.0-x64-linux/bin/../lib/gcc/avr/8.2.0/avr5/libgcc.a(_exit.o)
 .data          0x0000000000800066        0x0 /home/acer/Desktop/CDAC/AVR/softwares/avr-gcc-8.2.0-x64-linux/bin/../lib/gcc/avr/8.2.0/avr5/libgcc.a(_copy_data.o)
 .data          0x0000000000800066        0x0 /home/acer/Desktop/CDAC/AVR/softwares/avr-gcc-8.2.0-x64-linux/bin/../lib/gcc/avr/8.2.0/avr5/libgcc.a(_clear_bss.o)
 .data          0x0000000000800066        0x0 /home/acer/Desktop/CDAC/AVR/softwares/avr-gcc-8.2.0-x64-linux/bin/../lib/gcc/avr/8.2.0/../../../../avr/lib/avr5/libc.a(sprintf.o)
 .data          0x0000000000800066        0x0 /home/acer/Desktop/CDAC/AVR/softwares/avr-gcc-8.2.0-x64-linux/bin/../lib/gcc/avr/8.2.0/../../../../avr/lib/avr5/libc.a(vfprintf_std.o)
 .data          0x0000000000800066        0x0 /home/acer/Desktop/CDAC/AVR/softwares/avr-gcc-8.2.0-x64-linux/bin/../lib/gcc/avr/8.2.0/../../../../avr/lib/avr5/libc.a(strnlen_P.o)
 .data          0x0000000000800066        0x0 /home/acer/Desktop/CDAC/AVR/softwares/avr-gcc-8.2.0-x64-linux/bin/../lib/gcc/avr/8.2.0/../../../../avr/lib/avr5/libc.a(strnlen.o)
 .data          0x0000000000800066        0x0 /home/acer/Desktop/CDAC/AVR/softwares/avr-gcc-8.2.0-x64-linux/bin/../lib/gcc/avr/8.2.0/../../../../avr/lib/avr5/libc.a(fputc.o)
 .data          0x0000000000800066        0x0 /home/acer/Desktop/CDAC/AVR/softwares/avr-gcc-8.2.0-x64-linux/bin/../lib/gcc/avr/8.2.0/../../../../avr/lib/avr5/libc.a(ultoa_invert.o)
 .data          0x0000000000800066        0x0 /home/acer/Desktop/CDAC/AVR/softwares/avr-gcc-8.2.0-x64-linux/bin/../lib/gcc/avr/8.2.0/avr5/libgcc.a(_prologue.o)
 .data          0x0000000000800066        0x0 /home/acer/Desktop/CDAC/AVR/softwares/avr-gcc-8.2.0-x64-linux/bin/../lib/gcc/avr/8.2.0/avr5/libgcc.a(_epilogue.o)
 *(.data*)
 *(.gnu.linkonce.d*)
 *(.rodata)
 .rodata        0x0000000000800066       0x20 main.o
 *(.rodata*)
 .rodata.str1.1
                0x0000000000800086       0x92 main.o
                                         0x95 (size before relaxing)
 *(.gnu.linkonce.r*)
                0x0000000000800118                . = ALIGN (0x2)
                0x0000000000800118                _edata = .
                0x0000000000800118                PROVIDE (__data_end = .)

.bss            0x0000000000800118       0x42
                0x0000000000800118                PROVIDE (__bss_start = .)
 *(.bss)
 .bss           0x0000000000800118        0x0 /home/acer/Desktop/CDAC/AVR/softwares/avr-gcc-8.2.0-x64-linux/bin/../lib/gcc/avr/8.2.0/../../../../avr/lib/avr5/crtatmega32.o
 .bss           0x0000000000800118        0xa main.o
                0x0000000000800118                ch
                0x000000000080011a                adc_flag2
                0x000000000080011c                adc_flag1
                0x000000000080011e                adc_val2
                0x0000000000800120                adc_val1
 .bss           0x0000000000800122        0x0 uart.o
 .bss           0x0000000000800122        0x0 lcd.o
 .bss           0x0000000000800122        0x4 adc_intr.o
                0x0000000000800122                adc_flag
                0x0000000000800124                adc_val
 .bss           0x0000000000800126        0x0 /home/acer/Desktop/CDAC/AVR/softwares/avr-gcc-8.2.0-x64-linux/bin/../lib/gcc/avr/8.2.0/avr5/libgcc.a(_udivmodsi4.o)
 .bss           0x0000000000800126        0x0 /home/acer/Desktop/CDAC/AVR/softwares/avr-gcc-8.2.0-x64-linux/bin/../lib/gcc/avr/8.2.0/avr5/libgcc.a(_exit.o)
 .bss           0x0000000000800126        0x0 /home/acer/Desktop/CDAC/AVR/softwares/avr-gcc-8.2.0-x64-linux/bin/../lib/gcc/avr/8.2.0/avr5/libgcc.a(_copy_data.o)
 .bss           0x0000000000800126        0x0 /home/acer/Desktop/CDAC/AVR/softwares/avr-gcc-8.2.0-x64-linux/bin/../lib/gcc/avr/8.2.0/avr5/libgcc.a(_clear_bss.o)
 .bss           0x0000000000800126        0x0 /home/acer/Desktop/CDAC/AVR/softwares/avr-gcc-8.2.0-x64-linux/bin/../lib/gcc/avr/8.2.0/../../../../avr/lib/avr5/libc.a(sprintf.o)
 .bss           0x0000000000800126        0x0 /home/acer/Desktop/CDAC/AVR/softwares/avr-gcc-8.2.0-x64-linux/bin/../lib/gcc/avr/8.2.0/../../../../avr/lib/avr5/libc.a(vfprintf_std.o)
 .bss           0x0000000000800126        0x0 /home/acer/Desktop/CDAC/AVR/softwares/avr-gcc-8.2.0-x64-linux/bin/../lib/gcc/avr/8.2.0/../../../../avr/lib/avr5/libc.a(strnlen_P.o)
 .bss           0x0000000000800126        0x0 /home/acer/Desktop/CDAC/AVR/softwares/avr-gcc-8.2.0-x64-linux/bin/../lib/gcc/avr/8.2.0/../../../../avr/lib/avr5/libc.a(strnlen.o)
 .bss           0x0000000000800126        0x0 /home/acer/Desktop/CDAC/AVR/softwares/avr-gcc-8.2.0-x64-linux/bin/../lib/gcc/avr/8.2.0/../../../../avr/lib/avr5/libc.a(fputc.o)
 .bss           0x0000000000800126        0x0 /home/acer/Desktop/CDAC/AVR/softwares/avr-gcc-8.2.0-x64-linux/bin/../lib/gcc/avr/8.2.0/../../../../avr/lib/avr5/libc.a(ultoa_invert.o)
 .bss           0x0000000000800126        0x0 /home/acer/Desktop/CDAC/AVR/softwares/avr-gcc-8.2.0-x64-linux/bin/../lib/gcc/avr/8.2.0/avr5/libgcc.a(_prologue.o)
 .bss           0x0000000000800126        0x0 /home/acer/Desktop/CDAC/AVR/softwares/avr-gcc-8.2.0-x64-linux/bin/../lib/gcc/avr/8.2.0/avr5/libgcc.a(_epilogue.o)
 *(.bss*)
 *(COMMON)
 COMMON         0x0000000000800126       0x34 main.o
                0x0000000000800126                str
                0x000000000080013a                str2
                0x000000000080015a                PROVIDE (__bss_end = .)
                0x0000000000000cfc                __data_load_start = LOADADDR (.data)
                0x0000000000000db4                __data_load_end = (__data_load_start + SIZEOF (.data))

.noinit         0x000000000080015a        0x0
                [!provide]                        PROVIDE (__noinit_start = .)
 *(.noinit*)
                [!provide]                        PROVIDE (__noinit_end = .)
                0x000000000080015a                _end = .
                [!provide]                        PROVIDE (__heap_start = .)

.eeprom         0x0000000000810000        0x0
 *(.eeprom*)
                0x0000000000810000                __eeprom_end = .

.fuse
 *(.fuse)
 *(.lfuse)
 *(.hfuse)
 *(.efuse)

.lock
 *(.lock*)

.signature
 *(.signature*)

.stab
 *(.stab)

.stabstr
 *(.stabstr)

.stab.excl
 *(.stab.excl)

.stab.exclstr
 *(.stab.exclstr)

.stab.index
 *(.stab.index)

.stab.indexstr
 *(.stab.indexstr)

.comment        0x0000000000000000       0x11
 *(.comment)
 .comment       0x0000000000000000       0x11 main.o
                                         0x12 (size before relaxing)
 .comment       0x0000000000000011       0x12 uart.o
 .comment       0x0000000000000011       0x12 lcd.o
 .comment       0x0000000000000011       0x12 adc_intr.o
 .comment       0x0000000000000011       0x12 /home/acer/Desktop/CDAC/AVR/softwares/avr-gcc-8.2.0-x64-linux/bin/../lib/gcc/avr/8.2.0/../../../../avr/lib/avr5/libc.a(sprintf.o)
 .comment       0x0000000000000011       0x12 /home/acer/Desktop/CDAC/AVR/softwares/avr-gcc-8.2.0-x64-linux/bin/../lib/gcc/avr/8.2.0/../../../../avr/lib/avr5/libc.a(vfprintf_std.o)
 .comment       0x0000000000000011       0x12 /home/acer/Desktop/CDAC/AVR/softwares/avr-gcc-8.2.0-x64-linux/bin/../lib/gcc/avr/8.2.0/../../../../avr/lib/avr5/libc.a(fputc.o)

.note.gnu.avr.deviceinfo
                0x0000000000000000       0x3c
 .note.gnu.avr.deviceinfo
                0x0000000000000000       0x3c /home/acer/Desktop/CDAC/AVR/softwares/avr-gcc-8.2.0-x64-linux/bin/../lib/gcc/avr/8.2.0/../../../../avr/lib/avr5/crtatmega32.o

.note.gnu.build-id
 *(.note.gnu.build-id)

.debug
 *(.debug)

.line
 *(.line)

.debug_srcinfo
 *(.debug_srcinfo)

.debug_sfnames
 *(.debug_sfnames)

.debug_aranges  0x0000000000000000      0x148
 *(.debug_aranges)
 .debug_aranges
                0x0000000000000000       0x28 main.o
 .debug_aranges
                0x0000000000000028       0x20 uart.o
 .debug_aranges
                0x0000000000000048       0x20 lcd.o
 .debug_aranges
                0x0000000000000068       0x20 adc_intr.o
 .debug_aranges
                0x0000000000000088       0x20 /home/acer/Desktop/CDAC/AVR/softwares/avr-gcc-8.2.0-x64-linux/bin/../lib/gcc/avr/8.2.0/avr5/libgcc.a(_udivmodsi4.o)
 .debug_aranges
                0x00000000000000a8       0x20 /home/acer/Desktop/CDAC/AVR/softwares/avr-gcc-8.2.0-x64-linux/bin/../lib/gcc/avr/8.2.0/avr5/libgcc.a(_exit.o)
 .debug_aranges
                0x00000000000000c8       0x20 /home/acer/Desktop/CDAC/AVR/softwares/avr-gcc-8.2.0-x64-linux/bin/../lib/gcc/avr/8.2.0/avr5/libgcc.a(_copy_data.o)
 .debug_aranges
                0x00000000000000e8       0x20 /home/acer/Desktop/CDAC/AVR/softwares/avr-gcc-8.2.0-x64-linux/bin/../lib/gcc/avr/8.2.0/avr5/libgcc.a(_clear_bss.o)
 .debug_aranges
                0x0000000000000108       0x20 /home/acer/Desktop/CDAC/AVR/softwares/avr-gcc-8.2.0-x64-linux/bin/../lib/gcc/avr/8.2.0/avr5/libgcc.a(_prologue.o)
 .debug_aranges
                0x0000000000000128       0x20 /home/acer/Desktop/CDAC/AVR/softwares/avr-gcc-8.2.0-x64-linux/bin/../lib/gcc/avr/8.2.0/avr5/libgcc.a(_epilogue.o)

.debug_pubnames
 *(.debug_pubnames)

.debug_info     0x0000000000000000     0x16a4
 *(.debug_info .gnu.linkonce.wi.*)
 .debug_info    0x0000000000000000      0x4e6 /home/acer/Desktop/CDAC/AVR/softwares/avr-gcc-8.2.0-x64-linux/bin/../lib/gcc/avr/8.2.0/../../../../avr/lib/avr5/crtatmega32.o
 .debug_info    0x00000000000004e6      0x986 main.o
 .debug_info    0x0000000000000e6c      0x1c1 uart.o
 .debug_info    0x000000000000102d      0x40c lcd.o
 .debug_info    0x0000000000001439      0x187 adc_intr.o
 .debug_info    0x00000000000015c0       0x26 /home/acer/Desktop/CDAC/AVR/softwares/avr-gcc-8.2.0-x64-linux/bin/../lib/gcc/avr/8.2.0/avr5/libgcc.a(_udivmodsi4.o)
 .debug_info    0x00000000000015e6       0x26 /home/acer/Desktop/CDAC/AVR/softwares/avr-gcc-8.2.0-x64-linux/bin/../lib/gcc/avr/8.2.0/avr5/libgcc.a(_exit.o)
 .debug_info    0x000000000000160c       0x26 /home/acer/Desktop/CDAC/AVR/softwares/avr-gcc-8.2.0-x64-linux/bin/../lib/gcc/avr/8.2.0/avr5/libgcc.a(_copy_data.o)
 .debug_info    0x0000000000001632       0x26 /home/acer/Desktop/CDAC/AVR/softwares/avr-gcc-8.2.0-x64-linux/bin/../lib/gcc/avr/8.2.0/avr5/libgcc.a(_clear_bss.o)
 .debug_info    0x0000000000001658       0x26 /home/acer/Desktop/CDAC/AVR/softwares/avr-gcc-8.2.0-x64-linux/bin/../lib/gcc/avr/8.2.0/avr5/libgcc.a(_prologue.o)
 .debug_info    0x000000000000167e       0x26 /home/acer/Desktop/CDAC/AVR/softwares/avr-gcc-8.2.0-x64-linux/bin/../lib/gcc/avr/8.2.0/avr5/libgcc.a(_epilogue.o)

.debug_abbrev   0x0000000000000000      0xb97
 *(.debug_abbrev)
 .debug_abbrev  0x0000000000000000      0x4a3 /home/acer/Desktop/CDAC/AVR/softwares/avr-gcc-8.2.0-x64-linux/bin/../lib/gcc/avr/8.2.0/../../../../avr/lib/avr5/crtatmega32.o
 .debug_abbrev  0x00000000000004a3      0x295 main.o
 .debug_abbrev  0x0000000000000738      0x109 uart.o
 .debug_abbrev  0x0000000000000841      0x1b3 lcd.o
 .debug_abbrev  0x00000000000009f4      0x12b adc_intr.o
 .debug_abbrev  0x0000000000000b1f       0x14 /home/acer/Desktop/CDAC/AVR/softwares/avr-gcc-8.2.0-x64-linux/bin/../lib/gcc/avr/8.2.0/avr5/libgcc.a(_udivmodsi4.o)
 .debug_abbrev  0x0000000000000b33       0x14 /home/acer/Desktop/CDAC/AVR/softwares/avr-gcc-8.2.0-x64-linux/bin/../lib/gcc/avr/8.2.0/avr5/libgcc.a(_exit.o)
 .debug_abbrev  0x0000000000000b47       0x14 /home/acer/Desktop/CDAC/AVR/softwares/avr-gcc-8.2.0-x64-linux/bin/../lib/gcc/avr/8.2.0/avr5/libgcc.a(_copy_data.o)
 .debug_abbrev  0x0000000000000b5b       0x14 /home/acer/Desktop/CDAC/AVR/softwares/avr-gcc-8.2.0-x64-linux/bin/../lib/gcc/avr/8.2.0/avr5/libgcc.a(_clear_bss.o)
 .debug_abbrev  0x0000000000000b6f       0x14 /home/acer/Desktop/CDAC/AVR/softwares/avr-gcc-8.2.0-x64-linux/bin/../lib/gcc/avr/8.2.0/avr5/libgcc.a(_prologue.o)
 .debug_abbrev  0x0000000000000b83       0x14 /home/acer/Desktop/CDAC/AVR/softwares/avr-gcc-8.2.0-x64-linux/bin/../lib/gcc/avr/8.2.0/avr5/libgcc.a(_epilogue.o)

.debug_line     0x0000000000000000     0x17d9
 *(.debug_line .debug_line.* .debug_line_end)
 .debug_line    0x0000000000000000       0x1d /home/acer/Desktop/CDAC/AVR/softwares/avr-gcc-8.2.0-x64-linux/bin/../lib/gcc/avr/8.2.0/../../../../avr/lib/avr5/crtatmega32.o
 .debug_line    0x000000000000001d      0xa01 main.o
 .debug_line    0x0000000000000a1e      0x2c8 uart.o
 .debug_line    0x0000000000000ce6      0x42b lcd.o
 .debug_line    0x0000000000001111      0x236 adc_intr.o
 .debug_line    0x0000000000001347      0x121 /home/acer/Desktop/CDAC/AVR/softwares/avr-gcc-8.2.0-x64-linux/bin/../lib/gcc/avr/8.2.0/avr5/libgcc.a(_udivmodsi4.o)
 .debug_line    0x0000000000001468       0x61 /home/acer/Desktop/CDAC/AVR/softwares/avr-gcc-8.2.0-x64-linux/bin/../lib/gcc/avr/8.2.0/avr5/libgcc.a(_exit.o)
 .debug_line    0x00000000000014c9       0x97 /home/acer/Desktop/CDAC/AVR/softwares/avr-gcc-8.2.0-x64-linux/bin/../lib/gcc/avr/8.2.0/avr5/libgcc.a(_copy_data.o)
 .debug_line    0x0000000000001560       0x85 /home/acer/Desktop/CDAC/AVR/softwares/avr-gcc-8.2.0-x64-linux/bin/../lib/gcc/avr/8.2.0/avr5/libgcc.a(_clear_bss.o)
 .debug_line    0x00000000000015e5       0xfd /home/acer/Desktop/CDAC/AVR/softwares/avr-gcc-8.2.0-x64-linux/bin/../lib/gcc/avr/8.2.0/avr5/libgcc.a(_prologue.o)
 .debug_line    0x00000000000016e2       0xf7 /home/acer/Desktop/CDAC/AVR/softwares/avr-gcc-8.2.0-x64-linux/bin/../lib/gcc/avr/8.2.0/avr5/libgcc.a(_epilogue.o)

.debug_frame    0x0000000000000000      0x240
 *(.debug_frame)
 .debug_frame   0x0000000000000000       0xc0 main.o
 .debug_frame   0x00000000000000c0       0x8c uart.o
 .debug_frame   0x000000000000014c       0x98 lcd.o
 .debug_frame   0x00000000000001e4       0x5c adc_intr.o

.debug_str      0x0000000000000000      0x493
 *(.debug_str)
 .debug_str     0x0000000000000000      0x196 /home/acer/Desktop/CDAC/AVR/softwares/avr-gcc-8.2.0-x64-linux/bin/../lib/gcc/avr/8.2.0/../../../../avr/lib/avr5/crtatmega32.o
 .debug_str     0x0000000000000196      0x202 main.o
                                        0x23b (size before relaxing)
 .debug_str     0x0000000000000398       0x39 uart.o
                                        0x19b (size before relaxing)
 .debug_str     0x00000000000003d1       0x3d lcd.o
                                        0x1e3 (size before relaxing)
 .debug_str     0x000000000000040e       0x25 adc_intr.o
                                        0x192 (size before relaxing)
 .debug_str     0x0000000000000433       0x60 /home/acer/Desktop/CDAC/AVR/softwares/avr-gcc-8.2.0-x64-linux/bin/../lib/gcc/avr/8.2.0/avr5/libgcc.a(_udivmodsi4.o)
 .debug_str     0x0000000000000493       0x60 /home/acer/Desktop/CDAC/AVR/softwares/avr-gcc-8.2.0-x64-linux/bin/../lib/gcc/avr/8.2.0/avr5/libgcc.a(_exit.o)
 .debug_str     0x0000000000000493       0x60 /home/acer/Desktop/CDAC/AVR/softwares/avr-gcc-8.2.0-x64-linux/bin/../lib/gcc/avr/8.2.0/avr5/libgcc.a(_copy_data.o)
 .debug_str     0x0000000000000493       0x60 /home/acer/Desktop/CDAC/AVR/softwares/avr-gcc-8.2.0-x64-linux/bin/../lib/gcc/avr/8.2.0/avr5/libgcc.a(_clear_bss.o)
 .debug_str     0x0000000000000493       0x60 /home/acer/Desktop/CDAC/AVR/softwares/avr-gcc-8.2.0-x64-linux/bin/../lib/gcc/avr/8.2.0/avr5/libgcc.a(_prologue.o)
 .debug_str     0x0000000000000493       0x60 /home/acer/Desktop/CDAC/AVR/softwares/avr-gcc-8.2.0-x64-linux/bin/../lib/gcc/avr/8.2.0/avr5/libgcc.a(_epilogue.o)

.debug_loc      0x0000000000000000      0xd34
 *(.debug_loc)
 .debug_loc     0x0000000000000000      0x5c1 main.o
 .debug_loc     0x00000000000005c1      0x23b uart.o
 .debug_loc     0x00000000000007fc      0x474 lcd.o
 .debug_loc     0x0000000000000c70       0xc4 adc_intr.o

.debug_macinfo
 *(.debug_macinfo)

.debug_weaknames
 *(.debug_weaknames)

.debug_funcnames
 *(.debug_funcnames)

.debug_typenames
 *(.debug_typenames)

.debug_varnames
 *(.debug_varnames)

.debug_pubtypes
 *(.debug_pubtypes)

.debug_ranges   0x0000000000000000       0x18
 *(.debug_ranges)
 .debug_ranges  0x0000000000000000       0x18 main.o

.debug_macro
 *(.debug_macro)

.debug_addr
 *(.debug_addr)
OUTPUT(main.elf elf32-avr)
LOAD linker stubs

Cross Reference Table

Symbol                                            File
ADC_1                                             main.o
ADC_2                                             main.o
__bad_interrupt                                   /home/acer/Desktop/CDAC/AVR/softwares/avr-gcc-8.2.0-x64-linux/bin/../lib/gcc/avr/8.2.0/../../../../avr/lib/avr5/crtatmega32.o
__bss_end                                         /home/acer/Desktop/CDAC/AVR/softwares/avr-gcc-8.2.0-x64-linux/bin/../lib/gcc/avr/8.2.0/avr5/libgcc.a(_clear_bss.o)
__bss_start                                       /home/acer/Desktop/CDAC/AVR/softwares/avr-gcc-8.2.0-x64-linux/bin/../lib/gcc/avr/8.2.0/avr5/libgcc.a(_clear_bss.o)
__data_end                                        /home/acer/Desktop/CDAC/AVR/softwares/avr-gcc-8.2.0-x64-linux/bin/../lib/gcc/avr/8.2.0/avr5/libgcc.a(_copy_data.o)
__data_load_start                                 /home/acer/Desktop/CDAC/AVR/softwares/avr-gcc-8.2.0-x64-linux/bin/../lib/gcc/avr/8.2.0/avr5/libgcc.a(_copy_data.o)
__data_start                                      /home/acer/Desktop/CDAC/AVR/softwares/avr-gcc-8.2.0-x64-linux/bin/../lib/gcc/avr/8.2.0/avr5/libgcc.a(_copy_data.o)
__do_clear_bss                                    /home/acer/Desktop/CDAC/AVR/softwares/avr-gcc-8.2.0-x64-linux/bin/../lib/gcc/avr/8.2.0/avr5/libgcc.a(_clear_bss.o)
                                                  adc_intr.o
                                                  main.o
__do_copy_data                                    /home/acer/Desktop/CDAC/AVR/softwares/avr-gcc-8.2.0-x64-linux/bin/../lib/gcc/avr/8.2.0/avr5/libgcc.a(_copy_data.o)
                                                  main.o
__epilogue_restores__                             /home/acer/Desktop/CDAC/AVR/softwares/avr-gcc-8.2.0-x64-linux/bin/../lib/gcc/avr/8.2.0/avr5/libgcc.a(_epilogue.o)
                                                  /home/acer/Desktop/CDAC/AVR/softwares/avr-gcc-8.2.0-x64-linux/bin/../lib/gcc/avr/8.2.0/../../../../avr/lib/avr5/libc.a(vfprintf_std.o)
                                                  /home/acer/Desktop/CDAC/AVR/softwares/avr-gcc-8.2.0-x64-linux/bin/../lib/gcc/avr/8.2.0/../../../../avr/lib/avr5/libc.a(sprintf.o)
__heap_end                                        /home/acer/Desktop/CDAC/AVR/softwares/avr-gcc-8.2.0-x64-linux/bin/../lib/gcc/avr/8.2.0/../../../../avr/lib/avr5/crtatmega32.o
__init                                            /home/acer/Desktop/CDAC/AVR/softwares/avr-gcc-8.2.0-x64-linux/bin/../lib/gcc/avr/8.2.0/../../../../avr/lib/avr5/crtatmega32.o
__prologue_saves__                                /home/acer/Desktop/CDAC/AVR/softwares/avr-gcc-8.2.0-x64-linux/bin/../lib/gcc/avr/8.2.0/avr5/libgcc.a(_prologue.o)
                                                  /home/acer/Desktop/CDAC/AVR/softwares/avr-gcc-8.2.0-x64-linux/bin/../lib/gcc/avr/8.2.0/../../../../avr/lib/avr5/libc.a(vfprintf_std.o)
                                                  /home/acer/Desktop/CDAC/AVR/softwares/avr-gcc-8.2.0-x64-linux/bin/../lib/gcc/avr/8.2.0/../../../../avr/lib/avr5/libc.a(sprintf.o)
__stack                                           /home/acer/Desktop/CDAC/AVR/softwares/avr-gcc-8.2.0-x64-linux/bin/../lib/gcc/avr/8.2.0/../../../../avr/lib/avr5/crtatmega32.o
__udivmodsi4                                      /home/acer/Desktop/CDAC/AVR/softwares/avr-gcc-8.2.0-x64-linux/bin/../lib/gcc/avr/8.2.0/avr5/libgcc.a(_udivmodsi4.o)
                                                  uart.o
__ultoa_invert                                    /home/acer/Desktop/CDAC/AVR/softwares/avr-gcc-8.2.0-x64-linux/bin/../lib/gcc/avr/8.2.0/../../../../avr/lib/avr5/libc.a(ultoa_invert.o)
                                                  /home/acer/Desktop/CDAC/AVR/softwares/avr-gcc-8.2.0-x64-linux/bin/../lib/gcc/avr/8.2.0/../../../../avr/lib/avr5/libc.a(vfprintf_std.o)
__vector_1                                        /home/acer/Desktop/CDAC/AVR/softwares/avr-gcc-8.2.0-x64-linux/bin/../lib/gcc/avr/8.2.0/../../../../avr/lib/avr5/crtatmega32.o
__vector_10                                       /home/acer/Desktop/CDAC/AVR/softwares/avr-gcc-8.2.0-x64-linux/bin/../lib/gcc/avr/8.2.0/../../../../avr/lib/avr5/crtatmega32.o
__vector_11                                       /home/acer/Desktop/CDAC/AVR/softwares/avr-gcc-8.2.0-x64-linux/bin/../lib/gcc/avr/8.2.0/../../../../avr/lib/avr5/crtatmega32.o
__vector_12                                       /home/acer/Desktop/CDAC/AVR/softwares/avr-gcc-8.2.0-x64-linux/bin/../lib/gcc/avr/8.2.0/../../../../avr/lib/avr5/crtatmega32.o
__vector_13                                       /home/acer/Desktop/CDAC/AVR/softwares/avr-gcc-8.2.0-x64-linux/bin/../lib/gcc/avr/8.2.0/../../../../avr/lib/avr5/crtatmega32.o
__vector_14                                       /home/acer/Desktop/CDAC/AVR/softwares/avr-gcc-8.2.0-x64-linux/bin/../lib/gcc/avr/8.2.0/../../../../avr/lib/avr5/crtatmega32.o
__vector_15                                       /home/acer/Desktop/CDAC/AVR/softwares/avr-gcc-8.2.0-x64-linux/bin/../lib/gcc/avr/8.2.0/../../../../avr/lib/avr5/crtatmega32.o
__vector_16                                       adc_intr.o
                                                  /home/acer/Desktop/CDAC/AVR/softwares/avr-gcc-8.2.0-x64-linux/bin/../lib/gcc/avr/8.2.0/../../../../avr/lib/avr5/crtatmega32.o
__vector_17                                       /home/acer/Desktop/CDAC/AVR/softwares/avr-gcc-8.2.0-x64-linux/bin/../lib/gcc/avr/8.2.0/../../../../avr/lib/avr5/crtatmega32.o
__vector_18                                       /home/acer/Desktop/CDAC/AVR/softwares/avr-gcc-8.2.0-x64-linux/bin/../lib/gcc/avr/8.2.0/../../../../avr/lib/avr5/crtatmega32.o
__vector_19                                       /home/acer/Desktop/CDAC/AVR/softwares/avr-gcc-8.2.0-x64-linux/bin/../lib/gcc/avr/8.2.0/../../../../avr/lib/avr5/crtatmega32.o
__vector_2                                        /home/acer/Desktop/CDAC/AVR/softwares/avr-gcc-8.2.0-x64-linux/bin/../lib/gcc/avr/8.2.0/../../../../avr/lib/avr5/crtatmega32.o
__vector_20                                       /home/acer/Desktop/CDAC/AVR/softwares/avr-gcc-8.2.0-x64-linux/bin/../lib/gcc/avr/8.2.0/../../../../avr/lib/avr5/crtatmega32.o
__vector_3                                        /home/acer/Desktop/CDAC/AVR/softwares/avr-gcc-8.2.0-x64-linux/bin/../lib/gcc/avr/8.2.0/../../../../avr/lib/avr5/crtatmega32.o
__vector_4                                        /home/acer/Desktop/CDAC/AVR/softwares/avr-gcc-8.2.0-x64-linux/bin/../lib/gcc/avr/8.2.0/../../../../avr/lib/avr5/crtatmega32.o
__vector_5                                        /home/acer/Desktop/CDAC/AVR/softwares/avr-gcc-8.2.0-x64-linux/bin/../lib/gcc/avr/8.2.0/../../../../avr/lib/avr5/crtatmega32.o
__vector_6                                        /home/acer/Desktop/CDAC/AVR/softwares/avr-gcc-8.2.0-x64-linux/bin/../lib/gcc/avr/8.2.0/../../../../avr/lib/avr5/crtatmega32.o
__vector_7                                        /home/acer/Desktop/CDAC/AVR/softwares/avr-gcc-8.2.0-x64-linux/bin/../lib/gcc/avr/8.2.0/../../../../avr/lib/avr5/crtatmega32.o
__vector_8                                        /home/acer/Desktop/CDAC/AVR/softwares/avr-gcc-8.2.0-x64-linux/bin/../lib/gcc/avr/8.2.0/../../../../avr/lib/avr5/crtatmega32.o
__vector_9                                        /home/acer/Desktop/CDAC/AVR/softwares/avr-gcc-8.2.0-x64-linux/bin/../lib/gcc/avr/8.2.0/../../../../avr/lib/avr5/crtatmega32.o
__vector_default                                  /home/acer/Desktop/CDAC/AVR/softwares/avr-gcc-8.2.0-x64-linux/bin/../lib/gcc/avr/8.2.0/../../../../avr/lib/avr5/crtatmega32.o
__vectors                                         /home/acer/Desktop/CDAC/AVR/softwares/avr-gcc-8.2.0-x64-linux/bin/../lib/gcc/avr/8.2.0/../../../../avr/lib/avr5/crtatmega32.o
_exit                                             /home/acer/Desktop/CDAC/AVR/softwares/avr-gcc-8.2.0-x64-linux/bin/../lib/gcc/avr/8.2.0/avr5/libgcc.a(_exit.o)
adc                                               main.o
adc_flag                                          adc_intr.o
                                                  main.o
adc_flag1                                         main.o
adc_flag2                                         main.o
adc_init                                          adc_intr.o
                                                  main.o
adc_read                                          adc_intr.o
adc_select                                        adc_intr.o
                                                  main.o
adc_val                                           adc_intr.o
                                                  main.o
adc_val1                                          main.o
adc_val2                                          main.o
ch                                                main.o
ch1                                               main.o
esp                                               main.o
exit                                              /home/acer/Desktop/CDAC/AVR/softwares/avr-gcc-8.2.0-x64-linux/bin/../lib/gcc/avr/8.2.0/avr5/libgcc.a(_exit.o)
                                                  /home/acer/Desktop/CDAC/AVR/softwares/avr-gcc-8.2.0-x64-linux/bin/../lib/gcc/avr/8.2.0/../../../../avr/lib/avr5/crtatmega32.o
fputc                                             /home/acer/Desktop/CDAC/AVR/softwares/avr-gcc-8.2.0-x64-linux/bin/../lib/gcc/avr/8.2.0/../../../../avr/lib/avr5/libc.a(fputc.o)
                                                  /home/acer/Desktop/CDAC/AVR/softwares/avr-gcc-8.2.0-x64-linux/bin/../lib/gcc/avr/8.2.0/../../../../avr/lib/avr5/libc.a(vfprintf_std.o)
func                                              main.o
lcd_gotoxy                                        lcd.o
lcd_init                                          lcd.o
                                                  main.o
lcd_putchar                                       lcd.o
lcd_putstring                                     lcd.o
                                                  main.o
lcd_write                                         lcd.o
lcd_write_nibble                                  lcd.o
main                                              main.o
                                                  /home/acer/Desktop/CDAC/AVR/softwares/avr-gcc-8.2.0-x64-linux/bin/../lib/gcc/avr/8.2.0/../../../../avr/lib/avr5/crtatmega32.o
print                                             main.o
sprintf                                           /home/acer/Desktop/CDAC/AVR/softwares/avr-gcc-8.2.0-x64-linux/bin/../lib/gcc/avr/8.2.0/../../../../avr/lib/avr5/libc.a(sprintf.o)
                                                  main.o
str                                               main.o
str2                                              main.o
strnlen                                           /home/acer/Desktop/CDAC/AVR/softwares/avr-gcc-8.2.0-x64-linux/bin/../lib/gcc/avr/8.2.0/../../../../avr/lib/avr5/libc.a(strnlen.o)
                                                  /home/acer/Desktop/CDAC/AVR/softwares/avr-gcc-8.2.0-x64-linux/bin/../lib/gcc/avr/8.2.0/../../../../avr/lib/avr5/libc.a(vfprintf_std.o)
strnlen_P                                         /home/acer/Desktop/CDAC/AVR/softwares/avr-gcc-8.2.0-x64-linux/bin/../lib/gcc/avr/8.2.0/../../../../avr/lib/avr5/libc.a(strnlen_P.o)
                                                  /home/acer/Desktop/CDAC/AVR/softwares/avr-gcc-8.2.0-x64-linux/bin/../lib/gcc/avr/8.2.0/../../../../avr/lib/avr5/libc.a(vfprintf_std.o)
uart_getch                                        uart.o
uart_gets                                         uart.o
uart_init                                         uart.o
                                                  main.o
uart_putch                                        uart.o
uart_puts                                         uart.o
                                                  main.o
vfprintf                                          /home/acer/Desktop/CDAC/AVR/softwares/avr-gcc-8.2.0-x64-linux/bin/../lib/gcc/avr/8.2.0/../../../../avr/lib/avr5/libc.a(vfprintf_std.o)
                                                  /home/acer/Desktop/CDAC/AVR/softwares/avr-gcc-8.2.0-x64-linux/bin/../lib/gcc/avr/8.2.0/../../../../avr/lib/avr5/libc.a(sprintf.o)
